// Jest Snapshot v1, https://goo.gl/fbAQLP

exports[`api:fetchPosts Отримання постів зі стороннього API 1`] = `
[
  {
    "body": "Тестовий контент 1",
    "id": 1,
    "title": "Тестова назва 1",
    "userId": 1,
  },
  {
    "body": "Тестовий контент 2",
    "id": 2,
    "title": "Тестова назва 2",
    "userId": 1,
  },
  {
    "body": "Тестовий контент 3",
    "id": 3,
    "title": "Тестова назва 2",
    "userId": 1,
  },
]
`;
